noise=1px seed=0 windows=17
  hip         before rms=  3.92  after rms=  0.83 p95=  1.51  cam-window rms=  0.21 (n=17)
  waist       before rms=  8.75  after rms=  2.14 p95=  3.89  cam-window rms=  2.32 (n=17)
  chest       before rms= 22.07  after rms=  1.67 p95=  3.20  cam-window rms=  0.07 (n=17)
  thighL      before rms= 18.30  after rms=  1.50 p95=  3.02  cam-window rms=  0.16 (n=16)
  shinL       before rms= 12.20  after rms=  1.08 p95=  2.33  cam-window rms=  0.16 (n=16)
  footL       before rms= 18.27  after rms=  1.59 p95=  3.41  cam-window rms=  0.09 (n=17)
  thighR      before rms= 30.31  after rms=  2.57 p95=  4.90  cam-window rms=  0.08 (n=16)
  shinR       before rms= 10.99  after rms=  1.20 p95=  2.56  cam-window rms=  0.08 (n=16)
  footR       before rms= 17.46  after rms=  1.58 p95=  3.79  cam-window rms=  0.12 (n=17)
  upperArmL   before rms=  5.57  after rms=  0.70 p95=  1.67  cam-window rms=  0.21 (n=17)
  upperArmR   before rms= 19.40  after rms=  1.44 p95=  2.91  cam-window rms=  0.12 (n=17)
noise=1px seed=1 windows=18
  hip         before rms=  2.54  after rms=  0.85 p95=  1.81  cam-window rms=  0.16 (n=18)
  waist       before rms= 15.70  after rms=  3.17 p95=  6.00  cam-window rms=  3.34 (n=18)
  chest       before rms=  9.27  after rms=  0.99 p95=  2.13  cam-window rms=  0.09 (n=18)
  thighL      before rms= 19.65  after rms=  1.42 p95=  2.87  cam-window rms=  0.14 (n=18)
  shinL       before rms= 18.79  after rms=  1.32 p95=  2.60  cam-window rms=  0.14 (n=18)
  footL       before rms=  2.41  after rms=  0.74 p95=  1.38  cam-window rms=  0.15 (n=18)
  thighR      before rms= 15.15  after rms=  1.19 p95=  2.33  cam-window rms=  0.12 (n=18)
  shinR       before rms=  8.52  after rms=  0.91 p95=  1.80  cam-window rms=  0.12 (n=18)
  footR       before rms=  1.20  after rms=  0.69 p95=  1.51  cam-window rms=  0.12 (n=18)
  upperArmL   before rms= 47.77  after rms=  3.23 p95=  5.60  cam-window rms=  0.13 (n=18)
  upperArmR   before rms= 66.40  after rms=  4.48 p95=  8.15  cam-window rms=  0.08 (n=17)
noise=3px seed=0 windows=17
  hip         before rms=  3.92  after rms=  1.07 p95=  1.90  cam-window rms=  0.63 (n=17)
  waist       before rms=  8.75  after rms=  2.18 p95=  3.84  cam-window rms=  2.35 (n=17)
  chest       before rms= 22.07  after rms=  1.72 p95=  3.21  cam-window rms=  0.23 (n=17)
  thighL      before rms= 18.30  after rms=  1.57 p95=  3.12  cam-window rms=  0.46 (n=16)
  shinL       before rms= 12.20  after rms=  1.11 p95=  2.27  cam-window rms=  0.46 (n=16)
  footL       before rms= 18.27  after rms=  1.64 p95=  3.60  cam-window rms=  0.28 (n=17)
  thighR      before rms= 30.31  after rms=  2.64 p95=  4.98  cam-window rms=  0.24 (n=16)
  shinR       before rms= 10.99  after rms=  1.26 p95=  2.68  cam-window rms=  0.24 (n=16)
  footR       before rms= 17.46  after rms=  1.70 p95=  4.01  cam-window rms=  0.36 (n=17)
  upperArmL   before rms=  5.57  after rms=  1.02 p95=  2.11  cam-window rms=  0.60 (n=16)
  upperArmR   before rms= 19.40  after rms=  1.54 p95=  3.18  cam-window rms=  0.35 (n=17)
noise=3px seed=1 windows=18
  hip         before rms=  2.54  after rms=  0.93 p95=  1.97  cam-window rms=  0.48 (n=18)
  waist       before rms= 15.70  after rms=  3.10 p95=  5.73  cam-window rms=  3.27 (n=18)
  chest       before rms=  9.27  after rms=  0.94 p95=  1.97  cam-window rms=  0.28 (n=18)
  thighL      before rms= 19.65  after rms=  1.51 p95=  2.93  cam-window rms=  0.41 (n=18)
  shinL       before rms= 18.79  after rms=  1.34 p95=  2.54  cam-window rms=  0.42 (n=18)
  footL       before rms=  2.41  after rms=  0.82 p95=  1.68  cam-window rms=  0.44 (n=18)
  thighR      before rms= 15.15  after rms=  1.22 p95=  2.22  cam-window rms=  0.34 (n=18)
  shinR       before rms=  8.52  after rms=  1.02 p95=  1.99  cam-window rms=  0.34 (n=18)
  footR       before rms=  1.20  after rms=  0.80 p95=  1.59  cam-window rms=  0.37 (n=18)
  upperArmL   before rms= 47.77  after rms=  3.24 p95=  5.54  cam-window rms=  0.43 (n=18)
  upperArmR   before rms= 66.40  after rms=  4.47 p95=  8.28  cam-window rms=  0.37 (n=17)
noise=6px seed=0 windows=17
  hip         before rms=  3.92  after rms=  1.55 p95=  3.09  cam-window rms=  1.26 (n=17)
  waist       before rms=  8.75  after rms=  2.29 p95=  3.98  cam-window rms=  2.43 (n=17)
  chest       before rms= 22.07  after rms=  1.82 p95=  3.22  cam-window rms=  0.47 (n=17)
  thighL      before rms= 18.30  after rms=  1.79 p95=  3.69  cam-window rms=  1.05 (n=16)
  shinL       before rms= 12.20  after rms=  1.36 p95=  2.42  cam-window rms=  1.05 (n=16)
  footL       before rms= 18.27  after rms=  1.76 p95=  4.06  cam-window rms=  0.59 (n=17)
  thighR      before rms= 30.31  after rms=  2.73 p95=  5.19  cam-window rms=  0.49 (n=16)
  shinR       before rms= 10.99  after rms=  1.35 p95=  2.90  cam-window rms=  0.49 (n=16)
  footR       before rms= 17.46  after rms=  1.93 p95=  4.12  cam-window rms=  0.76 (n=17)
  upperArmL   before rms=  5.57  after rms=  1.65 p95=  3.61  cam-window rms=  1.12 (n=15)
  upperArmR   before rms= 19.40  after rms=  2.16 p95=  4.02  cam-window rms=  0.77 (n=15)
noise=6px seed=1 windows=18
  hip         before rms=  2.54  after rms=  1.23 p95=  2.61  cam-window rms=  0.97 (n=18)
  waist       before rms= 15.70  after rms=  3.01 p95=  5.35  cam-window rms=  3.16 (n=18)
  chest       before rms=  9.27  after rms=  0.92 p95=  1.81  cam-window rms=  0.55 (n=18)
  thighL      before rms= 19.65  after rms=  1.72 p95=  3.23  cam-window rms=  0.90 (n=18)
  shinL       before rms= 18.79  after rms=  1.55 p95=  2.86  cam-window rms=  0.90 (n=18)
  footL       before rms=  2.41  after rms=  1.06 p95=  2.44  cam-window rms=  0.83 (n=18)
  thighR      before rms= 15.15  after rms=  1.37 p95=  2.53  cam-window rms=  0.74 (n=18)
  shinR       before rms=  8.52  after rms=  1.28 p95=  2.55  cam-window rms=  0.74 (n=18)
  footR       before rms=  1.20  after rms=  1.05 p95=  1.98  cam-window rms=  0.76 (n=18)
  upperArmL   before rms= 47.77  after rms=  3.46 p95=  6.12  cam-window rms=  0.92 (n=18)
  upperArmR   before rms= 66.40  after rms=  4.50 p95=  8.49  cam-window rms=  0.63 (n=17)
noise=10px seed=0 windows=17
  hip         before rms=  3.92  after rms=  2.22 p95=  4.52  cam-window rms=  2.02 (n=17)
  waist       before rms=  8.75  after rms=  2.48 p95=  4.24  cam-window rms=  2.59 (n=17)
  chest       before rms= 22.07  after rms=  2.00 p95=  3.53  cam-window rms=  0.82 (n=17)
  thighL      before rms= 18.30  after rms=  2.65 p95=  6.10  cam-window rms=  1.71 (n=14)
  shinL       before rms= 12.20  after rms=  2.06 p95=  3.51  cam-window rms=  1.71 (n=14)
  footL       before rms= 18.27  after rms=  2.04 p95=  4.38  cam-window rms=  1.04 (n=17)
  thighR      before rms= 30.31  after rms=  3.04 p95=  5.94  cam-window rms=  1.05 (n=16)
  shinR       before rms= 10.99  after rms=  1.76 p95=  3.69  cam-window rms=  1.05 (n=16)
  footR       before rms= 17.46  after rms=  2.34 p95=  4.35  cam-window rms=  1.40 (n=17)
  upperArmL   before rms=  5.57  after rms=  2.41 p95=  5.35  cam-window rms=  1.58 (n=10)
  upperArmR   before rms= 19.40  after rms=  2.56 p95=  4.88  cam-window rms=  1.21 (n=15)
noise=10px seed=1 windows=18
  hip         before rms=  2.54  after rms=  1.78 p95=  4.02  cam-window rms=  1.63 (n=18)
  waist       before rms= 15.70  after rms=  2.95 p95=  4.90  cam-window rms=  3.09 (n=18)
  chest       before rms=  9.27  after rms=  1.00 p95=  2.00  cam-window rms=  0.91 (n=18)
  thighL      before rms= 19.65  after rms=  2.48 p95=  4.60  cam-window rms=  1.44 (n=13)
  shinL       before rms= 18.79  after rms=  2.53 p95=  4.77  cam-window rms=  1.44 (n=13)
  footL       before rms=  2.41  after rms=  1.55 p95=  4.01  cam-window rms=  1.41 (n=18)
  thighR      before rms= 15.15  after rms=  1.77 p95=  3.33  cam-window rms=  1.35 (n=18)
  shinR       before rms=  8.52  after rms=  1.72 p95=  3.52  cam-window rms=  1.35 (n=18)
  footR       before rms=  1.20  after rms=  1.52 p95=  2.93  cam-window rms=  1.32 (n=18)
  upperArmL   before rms= 47.77  after rms=  3.70 p95=  6.55  cam-window rms=  1.65 (n=18)
  upperArmR   before rms= 66.40  after rms=  7.60 p95= 14.86  cam-window rms=  1.07 (n=13)
